// Jest Snapshot v1, https://goo.gl/fbAQLP

exports[`should render DashboardPage 1`] = `
<div>
  <h1>
    Add Link
  </h1>
  <LinkForm
    link={
      Object {
        "description": "New Link",
        "folder": "folder1",
        "title": "New Link",
        "url": "link.com",
      }
    }
    onSubmit={[Function]}
  />
</div>
`;
