// Jest Snapshot v1, https://goo.gl/fbAQLP

exports[`should render EditLinkPage 1`] = `
<div>
  <h1>
    Edit Link
  </h1>
  <Connect(LinkForm)
    link={
      Object {
        "description": "Useful",
        "folder": "",
        "id": "link3",
        "title": "Best coding practices",
        "url": "www.bestcoders.com",
      }
    }
    onSubmit={[Function]}
  />
</div>
`;
