// Jest Snapshot v1, https://goo.gl/fbAQLP

exports[`should render Folders correctly with data 1`] = `
<div>
  <div>
    <h3>
      Your Folders
    </h3>
  </div>
  <Folder
    key="[object Object]"
    onDelete={[Function]}
    text={
      Object {
        "folder": "Books",
        "id": "folder1",
      }
    }
  />
  <Folder
    key="[object Object]"
    onDelete={[Function]}
    text={
      Object {
        "folder": "Movies",
        "id": "folder2",
      }
    }
  />
  <Folder
    key="[object Object]"
    onDelete={[Function]}
    text={
      Object {
        "folder": "Games",
        "id": "folder3",
      }
    }
  />
</div>
`;

exports[`should render Folders correctly without data 1`] = `
<div>
  <div>
    <h3>
      Your Folders
    </h3>
  </div>
  <p>
    You have no folders at the moment.
  </p>
</div>
`;
