// Jest Snapshot v1, https://goo.gl/fbAQLP

exports[`should render Header correctly 1`] = `
<header
  className="header"
>
  <div
    className="content-container"
  >
    <div
      className="header__content"
    >
      <Link
        className="header__title"
        replace={false}
        to="/dashboard"
      >
        <h1>
          Save For Later
        </h1>
      </Link>
      <button
        className="button button--link"
        onClick={[Function]}
        type="button"
      >
        Logout
      </button>
    </div>
    <nav>
      <Link
        replace={false}
        to="/dashboard"
      >
        <h2>
          Home
        </h2>
      </Link>
      <Link
        replace={false}
        to="/folders"
      >
        <h2>
          Folders
        </h2>
      </Link>
    </nav>
  </div>
</header>
`;
